julia_worker:9097#172.17.9.18
ERROR:   getOptionIndex: Option "BarConvTol" is unknown
ERROR:   getOptionIndex: Option "BarConvTol" is unknown
ERROR:   getOptionIndex: Option "BarConvTol" is unknown
ERROR:   getOptionIndex: Option "BarConvTol" is unknown
ERROR:   getOptionIndex: Option "BarConvTol" is unknown
ERROR:   getOptionIndex: Option "BarConvTol" is unknown
ERROR:   getOptionIndex: Option "BarConvTol" is unknown
ERROR:   getOptionIndex: Option "BarConvTol" is unknown
ERROR:   getOptionIndex: Option "BarConvTol" is unknown
ERROR:   getOptionIndex: Option "BarConvTol" is unknown
ERROR:   getOptionIndex: Option "BarConvTol" is unknown
ERROR:   getOptionIndex: Option "BarConvTol" is unknown
ERROR:   getOptionIndex: Option "BarConvTol" is unknown
ERROR:   getOptionIndex: Option "BarConvTol" is unknown
ERROR:   getOptionIndex: Option "BarConvTol" is unknown
ERROR:   getOptionIndex: Option "BarConvTol" is unknown
ERROR:   getOptionIndex: Option "BarConvTol" is unknown
ERROR:   getOptionIndex: Option "BarConvTol" is unknown
ERROR:   getOptionIndex: Option "BarConvTol" is unknown
ERROR:   getOptionIndex: Option "BarConvTol" is unknown
ERROR:   getOptionIndex: Option "BarConvTol" is unknown
ERROR:   getOptionIndex: Option "BarConvTol" is unknown
ERROR:   getOptionIndex: Option "BarConvTol" is unknown
ERROR:   getOptionIndex: Option "BarConvTol" is unknown
ERROR:   getOptionIndex: Option "BarConvTol" is unknown
ERROR:   getOptionIndex: Option "BarConvTol" is unknown
ERROR:   getOptionIndex: Option "BarConvTol" is unknown
ERROR:   getOptionIndex: Option "BarConvTol" is unknown
ERROR:   getOptionIndex: Option "BarConvTol" is unknown
ERROR:   getOptionIndex: Option "BarConvTol" is unknown
ERROR:   getOptionIndex: Option "BarConvTol" is unknown
ERROR:   getOptionIndex: Option "BarConvTol" is unknown
ERROR:   getOptionIndex: Option "BarConvTol" is unknown
ERROR:   getOptionIndex: Option "BarConvTol" is unknown
ERROR:   getOptionIndex: Option "BarConvTol" is unknown
ERROR:   getOptionIndex: Option "BarConvTol" is unknown
ERROR:   getOptionIndex: Option "BarConvTol" is unknown
ERROR:   getOptionIndex: Option "BarConvTol" is unknown
ERROR:   getOptionIndex: Option "BarConvTol" is unknown
ERROR:   getOptionIndex: Option "BarConvTol" is unknown
ERROR:   getOptionIndex: Option "BarConvTol" is unknown
ERROR:   getOptionIndex: Option "BarConvTol" is unknown
ERROR:   getOptionIndex: Option "BarConvTol" is unknown
ERROR:   getOptionIndex: Option "BarConvTol" is unknown
ERROR:   getOptionIndex: Option "BarConvTol" is unknown
ERROR:   getOptionIndex: Option "BarConvTol" is unknown
ERROR:   getOptionIndex: Option "BarConvTol" is unknown
ERROR:   getOptionIndex: Option "BarConvTol" is unknown
ERROR:   getOptionIndex: Option "BarConvTol" is unknown
ERROR:   getOptionIndex: Option "BarConvTol" is unknown
ERROR:   getOptionIndex: Option "BarConvTol" is unknown
ERROR:   getOptionIndex: Option "BarConvTol" is unknown
ERROR:   getOptionIndex: Option "BarConvTol" is unknown
ERROR:   getOptionIndex: Option "BarConvTol" is unknown
ERROR:   getOptionIndex: Option "BarConvTol" is unknown
ERROR:   getOptionIndex: Option "BarConvTol" is unknown
ERROR:   getOptionIndex: Option "BarConvTol" is unknown
ERROR:   getOptionIndex: Option "BarConvTol" is unknown
ERROR:   getOptionIndex: Option "BarConvTol" is unknown
ERROR:   getOptionIndex: Option "BarConvTol" is unknown
ERROR:   getOptionIndex: Option "BarConvTol" is unknown
ERROR:   getOptionIndex: Option "BarConvTol" is unknown
ERROR:   getOptionIndex: Option "BarConvTol" is unknown
ERROR:   getOptionIndex: Option "BarConvTol" is unknown
ERROR:   getOptionIndex: Option "BarConvTol" is unknown
ERROR:   getOptionIndex: Option "BarConvTol" is unknown
ERROR:   getOptionIndex: Option "BarConvTol" is unknown
ERROR:   getOptionIndex: Option "BarConvTol" is unknown
ERROR:   getOptionIndex: Option "BarConvTol" is unknown
ERROR:   getOptionIndex: Option "BarConvTol" is unknown
ERROR:   getOptionIndex: Option "BarConvTol" is unknown
ERROR:   getOptionIndex: Option "BarConvTol" is unknown
ERROR:   getOptionIndex: Option "BarConvTol" is unknown
ERROR:   getOptionIndex: Option "BarConvTol" is unknown
ERROR:   getOptionIndex: Option "BarConvTol" is unknown
ERROR:   getOptionIndex: Option "BarConvTol" is unknown
ERROR:   getOptionIndex: Option "BarConvTol" is unknown
ERROR:   getOptionIndex: Option "BarConvTol" is unknown
ERROR:   getOptionIndex: Option "BarConvTol" is unknown
ERROR:   getOptionIndex: Option "BarConvTol" is unknown
ERROR:   getOptionIndex: Option "BarConvTol" is unknown
ERROR:   getOptionIndex: Option "BarConvTol" is unknown
ERROR:   getOptionIndex: Option "BarConvTol" is unknown
ERROR:   getOptionIndex: Option "BarConvTol" is unknown
  Activating project at `~/MacroEnergy.jl`
[ Info:  ++ Loading user additions from ExampleSystems/china_multistage_8760/tmp/UserAdditions.jl
Precompiling packages...
   6137.6 ms  ✓ UserAdditions (serial)
  1 dependency successfully precompiled in 6 seconds
[ Info:  ++ Successfully loaded UserAdditions module.
┌ Warning: Error setting optimizer attributes. Check that the optimizer is valid.
└ @ MacroEnergy ~/MacroEnergy.jl/src/model/optimizer.jl:39
[ Info: Scaling constraints and RHS
┌ Warning: Error setting optimizer attributes. Check that the optimizer is valid.
└ @ MacroEnergy ~/MacroEnergy.jl/src/model/optimizer.jl:39
[ Info: Scaling constraints and RHS
┌ Warning: Error setting optimizer attributes. Check that the optimizer is valid.
└ @ MacroEnergy ~/MacroEnergy.jl/src/model/optimizer.jl:39
[ Info: Scaling constraints and RHS
┌ Warning: Error setting optimizer attributes. Check that the optimizer is valid.
└ @ MacroEnergy ~/MacroEnergy.jl/src/model/optimizer.jl:39
[ Info: Scaling constraints and RHS
┌ Warning: Error setting optimizer attributes. Check that the optimizer is valid.
└ @ MacroEnergy ~/MacroEnergy.jl/src/model/optimizer.jl:39
[ Info: Scaling constraints and RHS
┌ Warning: Error setting optimizer attributes. Check that the optimizer is valid.
└ @ MacroEnergy ~/MacroEnergy.jl/src/model/optimizer.jl:39
[ Info: Scaling constraints and RHS
┌ Warning: Error setting optimizer attributes. Check that the optimizer is valid.
└ @ MacroEnergy ~/MacroEnergy.jl/src/model/optimizer.jl:39
[ Info: Scaling constraints and RHS
┌ Warning: Error setting optimizer attributes. Check that the optimizer is valid.
└ @ MacroEnergy ~/MacroEnergy.jl/src/model/optimizer.jl:39
[ Info: Scaling constraints and RHS
┌ Warning: Error setting optimizer attributes. Check that the optimizer is valid.
└ @ MacroEnergy ~/MacroEnergy.jl/src/model/optimizer.jl:39
[ Info: Scaling constraints and RHS
┌ Warning: Error setting optimizer attributes. Check that the optimizer is valid.
└ @ MacroEnergy ~/MacroEnergy.jl/src/model/optimizer.jl:39
[ Info: Scaling constraints and RHS
┌ Warning: Error setting optimizer attributes. Check that the optimizer is valid.
└ @ MacroEnergy ~/MacroEnergy.jl/src/model/optimizer.jl:39
[ Info: Scaling constraints and RHS
┌ Warning: Error setting optimizer attributes. Check that the optimizer is valid.
└ @ MacroEnergy ~/MacroEnergy.jl/src/model/optimizer.jl:39
[ Info: Scaling constraints and RHS
┌ Warning: Error setting optimizer attributes. Check that the optimizer is valid.
└ @ MacroEnergy ~/MacroEnergy.jl/src/model/optimizer.jl:39
[ Info: Scaling constraints and RHS
┌ Warning: Error setting optimizer attributes. Check that the optimizer is valid.
└ @ MacroEnergy ~/MacroEnergy.jl/src/model/optimizer.jl:39
[ Info: Scaling constraints and RHS
┌ Warning: Error setting optimizer attributes. Check that the optimizer is valid.
└ @ MacroEnergy ~/MacroEnergy.jl/src/model/optimizer.jl:39
[ Info: Scaling constraints and RHS
┌ Warning: Error setting optimizer attributes. Check that the optimizer is valid.
└ @ MacroEnergy ~/MacroEnergy.jl/src/model/optimizer.jl:39
[ Info: Scaling constraints and RHS
┌ Warning: Error setting optimizer attributes. Check that the optimizer is valid.
└ @ MacroEnergy ~/MacroEnergy.jl/src/model/optimizer.jl:39
[ Info: Scaling constraints and RHS
┌ Warning: Error setting optimizer attributes. Check that the optimizer is valid.
└ @ MacroEnergy ~/MacroEnergy.jl/src/model/optimizer.jl:39
[ Info: Scaling constraints and RHS
┌ Warning: Error setting optimizer attributes. Check that the optimizer is valid.
└ @ MacroEnergy ~/MacroEnergy.jl/src/model/optimizer.jl:39
[ Info: Scaling constraints and RHS
┌ Warning: Error setting optimizer attributes. Check that the optimizer is valid.
└ @ MacroEnergy ~/MacroEnergy.jl/src/model/optimizer.jl:39
[ Info: Scaling constraints and RHS
┌ Warning: Error setting optimizer attributes. Check that the optimizer is valid.
└ @ MacroEnergy ~/MacroEnergy.jl/src/model/optimizer.jl:39
[ Info: Scaling constraints and RHS
┌ Warning: Error setting optimizer attributes. Check that the optimizer is valid.
└ @ MacroEnergy ~/MacroEnergy.jl/src/model/optimizer.jl:39
[ Info: Scaling constraints and RHS
┌ Warning: Error setting optimizer attributes. Check that the optimizer is valid.
└ @ MacroEnergy ~/MacroEnergy.jl/src/model/optimizer.jl:39
[ Info: Scaling constraints and RHS
┌ Warning: Error setting optimizer attributes. Check that the optimizer is valid.
└ @ MacroEnergy ~/MacroEnergy.jl/src/model/optimizer.jl:39
[ Info: Scaling constraints and RHS
┌ Warning: Error setting optimizer attributes. Check that the optimizer is valid.
└ @ MacroEnergy ~/MacroEnergy.jl/src/model/optimizer.jl:39
[ Info: Scaling constraints and RHS
┌ Warning: Error setting optimizer attributes. Check that the optimizer is valid.
└ @ MacroEnergy ~/MacroEnergy.jl/src/model/optimizer.jl:39
[ Info: Scaling constraints and RHS
┌ Warning: Error setting optimizer attributes. Check that the optimizer is valid.
└ @ MacroEnergy ~/MacroEnergy.jl/src/model/optimizer.jl:39
[ Info: Scaling constraints and RHS
┌ Warning: Error setting optimizer attributes. Check that the optimizer is valid.
└ @ MacroEnergy ~/MacroEnergy.jl/src/model/optimizer.jl:39
[ Info: Scaling constraints and RHS
┌ Warning: Error setting optimizer attributes. Check that the optimizer is valid.
└ @ MacroEnergy ~/MacroEnergy.jl/src/model/optimizer.jl:39
[ Info: Scaling constraints and RHS
┌ Warning: Error setting optimizer attributes. Check that the optimizer is valid.
└ @ MacroEnergy ~/MacroEnergy.jl/src/model/optimizer.jl:39
[ Info: Scaling constraints and RHS
┌ Warning: Error setting optimizer attributes. Check that the optimizer is valid.
└ @ MacroEnergy ~/MacroEnergy.jl/src/model/optimizer.jl:39
[ Info: Scaling constraints and RHS
┌ Warning: Error setting optimizer attributes. Check that the optimizer is valid.
└ @ MacroEnergy ~/MacroEnergy.jl/src/model/optimizer.jl:39
[ Info: Scaling constraints and RHS
┌ Warning: Error setting optimizer attributes. Check that the optimizer is valid.
└ @ MacroEnergy ~/MacroEnergy.jl/src/model/optimizer.jl:39
[ Info: Scaling constraints and RHS
┌ Warning: Error setting optimizer attributes. Check that the optimizer is valid.
└ @ MacroEnergy ~/MacroEnergy.jl/src/model/optimizer.jl:39
[ Info: Scaling constraints and RHS
┌ Warning: Error setting optimizer attributes. Check that the optimizer is valid.
└ @ MacroEnergy ~/MacroEnergy.jl/src/model/optimizer.jl:39
[ Info: Scaling constraints and RHS
┌ Warning: Error setting optimizer attributes. Check that the optimizer is valid.
└ @ MacroEnergy ~/MacroEnergy.jl/src/model/optimizer.jl:39
[ Info: Scaling constraints and RHS
┌ Warning: Error setting optimizer attributes. Check that the optimizer is valid.
└ @ MacroEnergy ~/MacroEnergy.jl/src/model/optimizer.jl:39
[ Info: Scaling constraints and RHS
┌ Warning: Error setting optimizer attributes. Check that the optimizer is valid.
└ @ MacroEnergy ~/MacroEnergy.jl/src/model/optimizer.jl:39
[ Info: Scaling constraints and RHS
┌ Warning: Error setting optimizer attributes. Check that the optimizer is valid.
└ @ MacroEnergy ~/MacroEnergy.jl/src/model/optimizer.jl:39
[ Info: Scaling constraints and RHS
┌ Warning: Error setting optimizer attributes. Check that the optimizer is valid.
└ @ MacroEnergy ~/MacroEnergy.jl/src/model/optimizer.jl:39
[ Info: Scaling constraints and RHS
┌ Warning: Error setting optimizer attributes. Check that the optimizer is valid.
└ @ MacroEnergy ~/MacroEnergy.jl/src/model/optimizer.jl:39
[ Info: Scaling constraints and RHS
┌ Warning: Error setting optimizer attributes. Check that the optimizer is valid.
└ @ MacroEnergy ~/MacroEnergy.jl/src/model/optimizer.jl:39
[ Info: Scaling constraints and RHS
┌ Warning: Error setting optimizer attributes. Check that the optimizer is valid.
└ @ MacroEnergy ~/MacroEnergy.jl/src/model/optimizer.jl:39
[ Info: Scaling constraints and RHS
┌ Warning: Error setting optimizer attributes. Check that the optimizer is valid.
└ @ MacroEnergy ~/MacroEnergy.jl/src/model/optimizer.jl:39
[ Info: Scaling constraints and RHS
┌ Warning: Error setting optimizer attributes. Check that the optimizer is valid.
└ @ MacroEnergy ~/MacroEnergy.jl/src/model/optimizer.jl:39
[ Info: Scaling constraints and RHS
┌ Warning: Error setting optimizer attributes. Check that the optimizer is valid.
└ @ MacroEnergy ~/MacroEnergy.jl/src/model/optimizer.jl:39
[ Info: Scaling constraints and RHS
┌ Warning: Error setting optimizer attributes. Check that the optimizer is valid.
└ @ MacroEnergy ~/MacroEnergy.jl/src/model/optimizer.jl:39
[ Info: Scaling constraints and RHS
┌ Warning: Error setting optimizer attributes. Check that the optimizer is valid.
└ @ MacroEnergy ~/MacroEnergy.jl/src/model/optimizer.jl:39
[ Info: Scaling constraints and RHS
┌ Warning: Error setting optimizer attributes. Check that the optimizer is valid.
└ @ MacroEnergy ~/MacroEnergy.jl/src/model/optimizer.jl:39
[ Info: Scaling constraints and RHS
┌ Warning: Error setting optimizer attributes. Check that the optimizer is valid.
└ @ MacroEnergy ~/MacroEnergy.jl/src/model/optimizer.jl:39
[ Info: Scaling constraints and RHS
┌ Warning: Error setting optimizer attributes. Check that the optimizer is valid.
└ @ MacroEnergy ~/MacroEnergy.jl/src/model/optimizer.jl:39
[ Info: Scaling constraints and RHS
┌ Warning: Error setting optimizer attributes. Check that the optimizer is valid.
└ @ MacroEnergy ~/MacroEnergy.jl/src/model/optimizer.jl:39
[ Info: Scaling constraints and RHS
┌ Warning: Error setting optimizer attributes. Check that the optimizer is valid.
└ @ MacroEnergy ~/MacroEnergy.jl/src/model/optimizer.jl:39
[ Info: Scaling constraints and RHS
┌ Warning: Error setting optimizer attributes. Check that the optimizer is valid.
└ @ MacroEnergy ~/MacroEnergy.jl/src/model/optimizer.jl:39
[ Info: Scaling constraints and RHS
┌ Warning: Error setting optimizer attributes. Check that the optimizer is valid.
└ @ MacroEnergy ~/MacroEnergy.jl/src/model/optimizer.jl:39
[ Info: Scaling constraints and RHS
┌ Warning: Error setting optimizer attributes. Check that the optimizer is valid.
└ @ MacroEnergy ~/MacroEnergy.jl/src/model/optimizer.jl:39
[ Info: Scaling constraints and RHS
┌ Warning: Error setting optimizer attributes. Check that the optimizer is valid.
└ @ MacroEnergy ~/MacroEnergy.jl/src/model/optimizer.jl:39
[ Info: Scaling constraints and RHS
┌ Warning: Error setting optimizer attributes. Check that the optimizer is valid.
└ @ MacroEnergy ~/MacroEnergy.jl/src/model/optimizer.jl:39
[ Info: Scaling constraints and RHS
┌ Warning: Error setting optimizer attributes. Check that the optimizer is valid.
└ @ MacroEnergy ~/MacroEnergy.jl/src/model/optimizer.jl:39
[ Info: Scaling constraints and RHS
┌ Warning: Error setting optimizer attributes. Check that the optimizer is valid.
└ @ MacroEnergy ~/MacroEnergy.jl/src/model/optimizer.jl:39
[ Info: Scaling constraints and RHS
┌ Warning: Error setting optimizer attributes. Check that the optimizer is valid.
└ @ MacroEnergy ~/MacroEnergy.jl/src/model/optimizer.jl:39
[ Info: Scaling constraints and RHS
┌ Warning: Error setting optimizer attributes. Check that the optimizer is valid.
└ @ MacroEnergy ~/MacroEnergy.jl/src/model/optimizer.jl:39
[ Info: Scaling constraints and RHS
┌ Warning: Error setting optimizer attributes. Check that the optimizer is valid.
└ @ MacroEnergy ~/MacroEnergy.jl/src/model/optimizer.jl:39
[ Info: Scaling constraints and RHS
┌ Warning: Error setting optimizer attributes. Check that the optimizer is valid.
└ @ MacroEnergy ~/MacroEnergy.jl/src/model/optimizer.jl:39
[ Info: Scaling constraints and RHS
┌ Warning: Error setting optimizer attributes. Check that the optimizer is valid.
└ @ MacroEnergy ~/MacroEnergy.jl/src/model/optimizer.jl:39
[ Info: Scaling constraints and RHS
┌ Warning: Error setting optimizer attributes. Check that the optimizer is valid.
└ @ MacroEnergy ~/MacroEnergy.jl/src/model/optimizer.jl:39
[ Info: Scaling constraints and RHS
┌ Warning: Error setting optimizer attributes. Check that the optimizer is valid.
└ @ MacroEnergy ~/MacroEnergy.jl/src/model/optimizer.jl:39
[ Info: Scaling constraints and RHS
┌ Warning: Error setting optimizer attributes. Check that the optimizer is valid.
└ @ MacroEnergy ~/MacroEnergy.jl/src/model/optimizer.jl:39
[ Info: Scaling constraints and RHS
┌ Warning: Error setting optimizer attributes. Check that the optimizer is valid.
└ @ MacroEnergy ~/MacroEnergy.jl/src/model/optimizer.jl:39
[ Info: Scaling constraints and RHS
┌ Warning: Error setting optimizer attributes. Check that the optimizer is valid.
└ @ MacroEnergy ~/MacroEnergy.jl/src/model/optimizer.jl:39
[ Info: Scaling constraints and RHS
┌ Warning: Error setting optimizer attributes. Check that the optimizer is valid.
└ @ MacroEnergy ~/MacroEnergy.jl/src/model/optimizer.jl:39
[ Info: Scaling constraints and RHS
┌ Warning: Error setting optimizer attributes. Check that the optimizer is valid.
└ @ MacroEnergy ~/MacroEnergy.jl/src/model/optimizer.jl:39
[ Info: Scaling constraints and RHS
┌ Warning: Error setting optimizer attributes. Check that the optimizer is valid.
└ @ MacroEnergy ~/MacroEnergy.jl/src/model/optimizer.jl:39
[ Info: Scaling constraints and RHS
┌ Warning: Error setting optimizer attributes. Check that the optimizer is valid.
└ @ MacroEnergy ~/MacroEnergy.jl/src/model/optimizer.jl:39
[ Info: Scaling constraints and RHS
┌ Warning: Error setting optimizer attributes. Check that the optimizer is valid.
└ @ MacroEnergy ~/MacroEnergy.jl/src/model/optimizer.jl:39
[ Info: Scaling constraints and RHS
┌ Warning: Error setting optimizer attributes. Check that the optimizer is valid.
└ @ MacroEnergy ~/MacroEnergy.jl/src/model/optimizer.jl:39
[ Info: Scaling constraints and RHS
┌ Warning: Error setting optimizer attributes. Check that the optimizer is valid.
└ @ MacroEnergy ~/MacroEnergy.jl/src/model/optimizer.jl:39
[ Info: Scaling constraints and RHS
┌ Warning: Error setting optimizer attributes. Check that the optimizer is valid.
└ @ MacroEnergy ~/MacroEnergy.jl/src/model/optimizer.jl:39
[ Info: Scaling constraints and RHS
┌ Warning: Error setting optimizer attributes. Check that the optimizer is valid.
└ @ MacroEnergy ~/MacroEnergy.jl/src/model/optimizer.jl:39
[ Info: Scaling constraints and RHS
┌ Warning: Error setting optimizer attributes. Check that the optimizer is valid.
└ @ MacroEnergy ~/MacroEnergy.jl/src/model/optimizer.jl:39
[ Info: Scaling constraints and RHS
┌ Warning: Error setting optimizer attributes. Check that the optimizer is valid.
└ @ MacroEnergy ~/MacroEnergy.jl/src/model/optimizer.jl:39
[ Info: Scaling constraints and RHS
┌ Warning: Error setting optimizer attributes. Check that the optimizer is valid.
└ @ MacroEnergy ~/MacroEnergy.jl/src/model/optimizer.jl:39
[ Info: Scaling constraints and RHS
┌ Warning: Error setting optimizer attributes. Check that the optimizer is valid.
└ @ MacroEnergy ~/MacroEnergy.jl/src/model/optimizer.jl:39
[ Info: Scaling constraints and RHS
┌ Warning: Error setting optimizer attributes. Check that the optimizer is valid.
└ @ MacroEnergy ~/MacroEnergy.jl/src/model/optimizer.jl:39
[ Info: Scaling constraints and RHS
[2025-12-17T20:28:04.658] error: *** STEP 3085238.0 ON della-h14n18 CANCELLED AT 2025-12-17T20:28:04 DUE to SIGNAL Terminated ***
