Unloading gurobi/13.0.0
  ERROR: No such file or directory on
    '/usr/licensed/Modules/modulefiles/gurobi/13.0.0'
ERROR: Unable to locate a modulefile for 'gurobi/13.0.0'
ERROR: LoadError: KeyError: key "Gurobi" not found
Stacktrace:
  [1] getindex(h::Dict{String, Any}, key::String)
    @ Base ./dict.jl:477
  [2] _insert_extension_triggers(parent::Base.PkgId, extensions::Dict{String, Any}, totaldeps::Dict{String, Any})
    @ Base ./loading.jl:1558
  [3] insert_extension_triggers(env::String, pkg::Base.PkgId)
    @ Base ./loading.jl:1493
  [4] insert_extension_triggers
    @ ./loading.jl:1470 [inlined]
  [5] _require_prelocked(uuidkey::Base.PkgId, env::String)
    @ Base ./loading.jl:2471
  [6] macro expansion
    @ ./loading.jl:2393 [inlined]
  [7] macro expansion
    @ ./lock.jl:376 [inlined]
  [8] __require(into::Module, mod::Symbol)
    @ Base ./loading.jl:2358
  [9] require(into::Module, mod::Symbol)
    @ Base ./loading.jl:2334
 [10] include(mod::Module, _path::String)
    @ Base ./Base.jl:306
 [11] exec_options(opts::Base.JLOptions)
    @ Base ./client.jl:317
 [12] _start()
    @ Base ./client.jl:550
in expression starting at /home/al3792/MacroEnergy.jl/ExampleSystems/china_elec_8760_one_stage/run.jl:1
